// Jest Snapshot v1, https://goo.gl/fbAQLP

exports[`logical keywords: parses and 1`] = `
logical and (1:0-1:7)
  ident (1:0-1:1) a
  ident (1:6-1:7) b
`;

exports[`logical keywords: parses and 2`] = `
logical and (1:0-1:13)
  ident (1:0-1:1) a
  logical and (1:6-1:13)
    ident (1:6-1:7) b
    ident (1:12-1:13) c
`;

exports[`logical keywords: parses and 3`] = `
logical and (1:0-1:12)
  ident (1:0-1:1) a
  logical or (1:6-1:12)
    ident (1:6-1:7) b
    ident (1:11-1:12) c
`;

exports[`logical keywords: parses as non-seperating 1`] = `ident (1:0-1:8) andornot`;

exports[`logical keywords: parses not 1`] = `
logical not (1:0-1:5)
  ident (1:4-1:5) a
`;

exports[`logical keywords: parses or 1`] = `
logical or (1:0-1:6)
  ident (1:0-1:1) a
  ident (1:5-1:6) b
`;

exports[`logical keywords: parses or 2`] = `
logical or (1:0-1:11)
  ident (1:0-1:1) a
  logical or (1:5-1:11)
    ident (1:5-1:6) b
    ident (1:10-1:11) c
`;

exports[`logical keywords: parses or 3`] = `
logical and (1:0-1:12)
  logical or (1:0-1:6)
    ident (1:0-1:1) a
    ident (1:5-1:6) b
  ident (1:11-1:12) c
`;

exports[`logical parses ! 1`] = `
logical ! (1:0-1:2)
  ident (1:1-1:2) a
`;

exports[`logical parses && 1`] = `
logical && (1:0-1:6)
  ident (1:0-1:1) a
  ident (1:5-1:6) b
`;

exports[`logical parses && 2`] = `
logical && (1:0-1:11)
  ident (1:0-1:1) a
  logical && (1:5-1:11)
    ident (1:5-1:6) b
    ident (1:10-1:11) c
`;

exports[`logical parses && 3`] = `
logical || (1:0-1:11)
  logical && (1:0-1:6)
    ident (1:0-1:1) a
    ident (1:5-1:6) b
  ident (1:10-1:11) c
`;

exports[`logical parses || 1`] = `
logical || (1:0-1:6)
  ident (1:0-1:1) a
  ident (1:5-1:6) b
`;

exports[`logical parses || 2`] = `
logical || (1:0-1:11)
  ident (1:0-1:1) a
  logical || (1:5-1:11)
    ident (1:5-1:6) b
    ident (1:10-1:11) c
`;

exports[`logical parses || 3`] = `
logical || (1:0-1:11)
  ident (1:0-1:1) a
  logical && (1:5-1:11)
    ident (1:5-1:6) b
    ident (1:10-1:11) c
`;
