// Jest Snapshot v1, https://goo.gl/fbAQLP

exports[`analyze gets bindings 1`] = `
Array [
  "ident:foo@1:0",
  "ident:bar@3:0",
  "ident:spam@3:9",
  "ident:ham@3:15",
  "ident:ni@4:2",
  "ident:ni@7:1",
  "ident:nu@7:10",
  "ident:nini@8:7",
  "ident:ni@12:4",
  "ident:Spam@17:0",
  "ident:children@17:11",
  "ident:ni@26:1",
]
`;

exports[`analyze gets duplicate bindings 1`] = `
Array [
  "ident:ni@26:1  module@1:0",
]
`;

exports[`analyze gets refs 1`] = `
Array [
  "ident:foo@4:23 -> ident:foo@1:0",
  "ident:foo@10:10 -> ident:foo@1:0",
  "ident:foo@12:9 -> ident:foo@1:0",
  "ident:foo@24:2 -> ident:foo@1:0",
  "ident:bar@8:24 -> ident:bar@3:0",
  "ident:bar@10:6 -> ident:bar@3:0",
  "ident:spam@4:7 -> ident:spam@3:9",
  "ident:ham@4:17 -> ident:ham@3:15",
  "ident:ni@5:2 -> ident:ni@4:2",
  "ident:undef@5:7 -> unbound",
  "jsx:elem:div@15:0 -> unbound",
  "ident:ham@20:24 -> unbound",
  "ident:ni@8:2 -> ident:ni@7:1",
  "ident:ni@8:30 -> ident:ni@7:1",
  "jsx:attr:ni@20:6 -> ident:ni@7:1",
  "ident:nu@8:12 -> ident:nu@7:10",
  "ident:nu@8:35 -> ident:nu@7:10",
  "ident:nu@11:2 -> ident:nu@7:10",
  "ident:ni@13:4 -> ident:ni@12:4",
  "jsx:elem:Spam@20:0 -> ident:Spam@17:0",
  "ident:children@18:5 -> ident:children@17:11",
]
`;

exports[`analyze gets scopes 1`] = `
Array [
  "ident:foo@1:0  module@1:0",
  "ident:bar@3:0  module@1:0",
  "ident:spam@3:9  block:fn@3:6",
  "ident:ham@3:15  block:fn@3:6",
  "ident:ni@4:2  block:fn@3:6",
  "ident:ni@7:1  module@1:0",
  "ident:nu@7:10  module@1:0",
  "ident:nini@8:7  module@1:0",
  "ident:ni@12:4  match:expr@11:2",
  "ident:Spam@17:0  module@1:0",
  "ident:children@17:11  block:fn@17:7",
  "ident:ni@26:1  module@1:0",
]
`;
