// Jest Snapshot v1, https://goo.gl/fbAQLP

exports[`partial parses array 1`] = `
list (1:0-1:9)
  partial (1:1-1:2) ?
  number (1:4-1:5) 2
  number (1:7-1:8) 3
`;

exports[`partial parses array 2`] = `
list (1:0-1:6)
  spread ... (1:1-1:5)
    partial (1:4-1:5) ?
`;

exports[`partial parses binary 1`] = `
comp > (1:0-1:5)
  partial (1:0-1:1) ?
  number (1:4-1:5) 1
`;

exports[`partial parses binary 2`] = `
comp < (1:0-1:5)
  number (1:0-1:1) 1
  partial (1:4-1:5) ?
`;

exports[`partial parses binary 3`] = `
arithm + (1:0-1:9)
  number (1:0-1:1) 1
  arithm * (1:4-1:9)
    partial (1:4-1:5) ?
    number (1:8-1:9) 3
`;

exports[`partial parses call 1`] = `
call (1:0-1:5)
  partial (1:0-1:1) ?
  ident (1:2-1:5) foo
`;

exports[`partial parses call 2`] = `
call (1:0-1:3)
  partial (1:0-1:1) ?
`;

exports[`partial parses call arg 1`] = `
call (1:0-1:5)
  ident (1:0-1:3) foo
  partial (1:4-1:5) ?
`;

exports[`partial parses call arg 2`] = `
call (1:0-1:9)
  member . (1:0-1:7)
    ident (1:0-1:3) foo
    ident (1:4-1:7) bar
  partial (1:8-1:9) ?
`;

exports[`partial parses call arg 3`] = `
call (1:0-1:12)
  member . (1:0-1:7)
    ident (1:0-1:3) foo
    ident (1:4-1:7) bar
  spread ... (1:8-1:12)
    partial (1:11-1:12) ?
`;

exports[`partial parses multiple 1`] = `
module (1:0-4:0)
  block pipe (1:0-4:0)
    ident (1:5-1:9) spam
    :
    call (2:2-2:7)
      partial (2:2-2:3) ?
      ident (2:4-2:7) foo
    call (3:2-4:0)
      partial (3:2-3:3) ?
      ident (3:4-3:7) bar
`;

exports[`partial parses record 1`] = `
rec (1:0-1:12)
  rec:kv (1:1-1:5)
    ident (1:1-1:2) a
    partial (1:4-1:5) ?
  rec:kv (1:7-1:11)
    ident (1:7-1:8) b
    number (1:10-1:11) 2
`;

exports[`partial parses record 2`] = `
rec (1:0-1:18)
  spread ... (1:1-1:5)
    partial (1:4-1:5) ?
  rec:kv (1:7-1:17)
    ident (1:7-1:10) foo
    string ' (1:12-1:17)
      'bar'
`;

exports[`partial parses str 1`] = `
string ' (1:0-1:14)
  'foo '
    partial (1:7-1:8) ?
  ' bar'
`;

exports[`partial parses with member 1`] = `
call (1:0-1:7)
  member . (1:0-1:5)
    partial (1:0-1:1) ?
    ident (1:2-1:5) bar
`;
