// Jest Snapshot v1, https://goo.gl/fbAQLP

exports[`func: fn ...: ... parses multi line args 1`] = `
block fn (1:0-6:0)
  ident (2:2-2:5) foo
  assign = (3:2-3:8)
    ident (3:2-3:5) bar
    ident (3:6-3:8) ni
  :
  arithm + (5:2-5:11)
    ident (5:2-5:5) foo
    ident (5:8-5:11) bar
`;

exports[`func: fn ...: ... parses multi line: fn foo, bar=1: foo 1`] = `
--- 
--- doc comment
--- 
block fn (4:0-8:0)
  ident (4:3-4:6) foo
  assign = (4:8-4:13)
    ident (4:8-4:11) bar
    number (4:12-4:13) 1
  :
  ident (5:2-5:5) foo
  ident (6:2-6:5) bar
  # trailing func comment
`;

exports[`func: fn ...: ... parses no arg: fn: foo 1`] = `
block fn (1:0-1:7)

  :
  ident (1:4-1:7) foo
`;

exports[`func: fn ...: ... parses single arg: fn foo: bar 1`] = `
block fn (1:0-1:11)
  ident (1:3-1:6) foo
  :
  ident (1:8-1:11) bar
`;

exports[`func: fn ...: ... parses single line: fn foo, bar: foo 1`] = `
block fn (1:0-1:16)
  ident (1:3-1:6) foo
  ident (1:8-1:11) bar
  :
  ident (1:13-1:16) foo
`;
