// Jest Snapshot v1, https://goo.gl/fbAQLP

exports[`keywords parses false 1`] = `
module (1:0-3:0)
  assign = (1:0-1:11)
    ident (1:0-1:3) foo
    literal (1:6-1:11) false
  assign = (2:0-2:14)
    ident (2:0-2:3) bar
    ident (2:6-2:14) falseish
`;

exports[`keywords parses null 1`] = `
module (1:0-3:0)
  assign = (1:0-1:10)
    ident (1:0-1:3) foo
    literal (1:6-1:10) null
  assign = (2:0-2:13)
    ident (2:0-2:3) bar
    ident (2:6-2:13) nullish
`;

exports[`keywords parses true 1`] = `
module (1:0-3:0)
  assign = (1:0-1:10)
    ident (1:0-1:3) foo
    literal (1:6-1:10) true
  assign = (2:0-2:13)
    ident (2:0-2:3) bar
    ident (2:6-2:13) trueish
`;
