// Jest Snapshot v1, https://goo.gl/fbAQLP

exports[`string \`...\` handles default indentation for lbp 1`] = `
module (1:0-2:6)
  string ' (1:0-1:8)
    \`foobar\`
  string ' (2:0-2:6)
    \`spam\`
`;

exports[`string \`...\` parses empty: \`\` 1`] = `
string \` (1:0-1:2)
  \`\`
`;

exports[`string \`...\` parses escape characters 1`] = `
string \` (1:0-1:15)
  \` \\n \\t \\\\ \\\` \`
`;

exports[`string \`...\` parses multi line string 1`] = `
string \` (1:1-4:11)
  \`foobar
    spam shrub
  ni\`
`;

exports[`string \`...\` parses multiline template string: \`foo \${...} ni\` 1`] = `
string ' (1:0-5:1)
  \`foo
    \`
    arithm + (3:7-3:17)
      ident (3:7-3:10) bar
      ident (3:13-3:17) spam
  \`
  ni
  \`
`;

exports[`string \`...\` parses multiline template string: \`foo \${...}:\${...} ni\` 1`] = `
string ' (1:0-5:1)
  \`\`
    ident (2:4-2:7) foo
  \`:\`
    ident (2:11-2:14) bar
  \`:\`
    ident (2:18-2:22) spam
  \`
  
  ni
  \`
`;

exports[`string \`...\` parses single line string: \`foo bar\` 1`] = `
string \` (1:0-1:9)
  \`foo bar\`
`;

exports[`string \`...\` parses tagged string: foo\`bar spam\` 1`] = `
string \` (1:0-1:13)
   foo\`bar spam\`
`;

exports[`string \`...\` parses template string: \`foo \${bar} spam\` 1`] = `
string \` (1:0-1:24)
  \`foo \`
    arithm + (1:7-1:17)
      ident (1:7-1:10) bar
      ident (1:13-1:17) spam
  \` spam\`
`;
