// Jest Snapshot v1, https://goo.gl/fbAQLP

exports[`string \`...\` parses empty: \`\` 1`] = `
string \` (1:0-1:2)
  \`\`
`;

exports[`string \`...\` parses escape characters 1`] = `
string \` (1:0-1:15)
  \` \\n \\t \\\\ \\\` \`
`;

exports[`string \`...\` parses multi line string 1`] = `
string \` (1:1-4:11)
  \`foobar
    spam shrub
  ni\`
`;

exports[`string \`...\` parses single line string: \`foo bar\` 1`] = `
string \` (1:0-1:9)
  \`foo bar\`
`;
