// Jest Snapshot v1, https://goo.gl/fbAQLP

exports[`string - parsing failures errors when missing end 1`] = `
module (1:0-1:10)
  string " (1:0-1:9)
    'foo bar,'

error:
test.fnk:1:9
1| "foo bar,
            ^

Unexpected end of code.



`;

exports[`string - parsing failures errors when not tagged with identifier 1`] = `
module (1:0-1:2)
  number (1:0-1:2) 12

error:
test.fnk:1:2
1| 12'bar spam'
     ^

Expected ',' or indented new line or end of code.



`;

exports[`strings handles default indentation for lbp 1`] = `
module (1:0-3:0)
  string ' (1:0-1:8)
    'foobar'
  string ' (2:0-2:6)
    'spam'
`;

exports[`strings parses empty strings 1`] = `
string " (1:0-1:2)
  ''
`;

exports[`strings parses empty strings 2`] = `
string ' (1:0-1:2)
  ''
`;

exports[`strings parses escape characters 1`] = `
string ' (1:0-1:16)
  ' $ \\n \\t \\' \\\\'
`;

exports[`strings parses escape characters 2`] = `
string " (1:0-1:16)
  ' $ \\n \\t \\" \\\\'
`;

exports[`strings parses escape characters 3`] = `
string ' (1:0-1:20)
  'foo \\\${bar + spam}'
`;

exports[`strings parses multi line strings 1`] = `
string ' (1:0-4:6)
  'foobar
    spam shrub
   ni'
`;

exports[`strings parses multi line strings 2`] = `
block fn (1:0-6:3):
  string ' (2:2-6:3)
    'foobar
     spam shrub
    ni
    '
`;

exports[`strings parses multiline template strings 1`] = `
string ' (1:0-8:1)
  ''
    ident (2:4-2:7) foo
  ':'
    ident (2:11-2:14) bar
  ':'
    block (2:17-5:1)
      assign = (3:2-3:14)
        ident (3:2-3:7) shrub
        number (3:10-3:14) 1234
      arithm * (4:2-4:12)
        ident (4:2-4:7) shrub
        number (4:10-4:12) 10
  '
  
  ni
  '
`;

exports[`strings parses nested template strings 1`] = `
string ' (1:0-1:29)
  '\\n'
    call (1:5-1:25)
      ident (1:5-1:8) foo
      ident (1:9-1:12) bar
      string ' (1:14-1:25)
        '  '
              ident (1:19-1:23) spam
        ''
  '\\n'
`;

exports[`strings parses single line strings 1`] = `
string " (1:0-1:9)
  'foo bar'
`;

exports[`strings parses single line strings 2`] = `
string ' (1:0-1:9)
  'foo bar'
`;

exports[`strings parses tagged strings 1`] = `
string ' (1:0-1:13)
   foo'bar spam'
`;

exports[`strings parses tagged strings 2`] = `
string " (1:0-1:13)
   foo'bar spam'
`;

exports[`strings parses template strings with expressions 1`] = `
string ' (1:0-1:24)
  'foo '
    arithm + (1:7-1:17)
      ident (1:7-1:10) bar
      ident (1:13-1:17) spam
  ' spam'
`;

exports[`strings parses template strings with expressions 2`] = `
string " (1:0-1:24)
  'foo '
    arithm + (1:7-1:17)
      ident (1:7-1:10) bar
      ident (1:13-1:17) spam
  ' spam'
`;
