// Jest Snapshot v1, https://goo.gl/fbAQLP

exports[`filter item: ... parses 1`] = `
block filter (1:0-4:0)
  ident (1:7-1:11) item
  :
  comp == (2:2-2:15)
    arithm % (2:2-2:10)
      ident (2:2-2:6) item
      number (2:9-2:10) 2
    number (2:14-2:15) 0
  # trailing comment
`;

exports[`find item: ... parses 1`] = `
block find (1:0-4:0)
  ident (1:5-1:9) item
  :
  comp == (2:2-2:15)
    arithm % (2:2-2:10)
      ident (2:2-2:6) item
      number (2:9-2:10) 2
    number (2:14-2:15) 0
  # trailing comment
`;

exports[`flat_map item: ... parses 1`] = `
block flat_map (1:0-2:18)
  ident (1:9-1:13) item
  :
  array (2:2-2:18)
    ident (2:3-2:7) item
    arithm * (2:9-2:17)
      ident (2:9-2:13) item
      number (2:16-2:17) 2
`;

exports[`fold item, accu: ... parses 1`] = `
block fold (1:0-4:0)
  ident (1:5-1:9) item
  assign = (1:11-1:17)
    ident (1:11-1:15) accu
    number (1:16-1:17) 0
  :
  arithm + (2:2-2:13)
    ident (2:2-2:6) item
    ident (2:9-2:13) accu
  # trailing comment
`;

exports[`map item: ... parses 1`] = `
block map (1:0-4:0)
  ident (1:4-1:8) item
  :
  arithm * (2:2-2:10)
    ident (2:2-2:6) item
    number (2:9-2:10) 2
  # trailing comment
`;

exports[`unfold item, accu: ... parses 1`] = `
block unfold (1:0-2:26)
  assign = (1:7-1:17)
    ident (1:7-1:11) curr
    ident (1:12-1:17) start
  assign = (1:19-1:25)
    ident (1:19-1:23) accu
    number (1:24-1:25) 0
  :
  group (2:2-2:26)
    arithm + (2:3-2:15)
      ident (2:3-2:8) start
      ident (2:11-2:15) accu
    arithm + (2:17-2:25)
      ident (2:17-2:21) accu
      number (2:24-2:25) 1
`;

exports[`unfold item, accu: ... parses no accu 1`] = `
block unfold (1:0-2:14)
  assign = (1:7-1:17)
    ident (1:7-1:11) curr
    ident (1:12-1:17) start
  :
  arithm + (2:2-2:14)
    ident (2:2-2:7) start
    ident (2:10-2:14) accu
`;

exports[`unfold item, accu: ... parses no args 1`] = `
block unfold (1:0-4:0)

  :
  ident (2:2-2:5) foo
  # trailing comment
`;

exports[`while item: ... parses 1`] = `
block while (1:0-4:0)
  ident (1:6-1:10) item
  :
  comp == (2:2-2:15)
    arithm % (2:2-2:10)
      ident (2:2-2:6) item
      number (2:9-2:10) 2
    number (2:14-2:15) 0
  # trailing comment
`;
