// Jest Snapshot v1, https://goo.gl/fbAQLP

exports[`call() parses empty: foobar() 1`] = `
call (1:0-1:8)
  ident (1:0-1:6) foobar

`;

exports[`call() parses multiple args: foobar(1, 2) 1`] = `
call (1:0-1:12)
  ident (1:0-1:6) foobar
  number (1:7-1:8) 1
  number (1:10-1:11) 2

`;

exports[`call() parses single arg: foobar(1) 1`] = `
call (1:0-1:9)
  ident (1:0-1:6) foobar
  number (1:7-1:8) 1

`;

exports[`call:: ... parses multiline 1`] = `
call (1:0-6:20)
  ident (1:0-1:3) foo
  block fn (2:2-3:8)
    ident (2:5-2:8) bar
    :
    ident (3:4-3:8) spam
  ident (4:2-4:4) ni
  ident (5:2-5:7) shrub
  # trailing comment
`;

exports[`call:: ... parses multiline with comma (TODO) 1`] = `
call (1:0-4:2)
  ident (1:0-1:3) foo
  ident (2:2-2:5) bar
  ident (3:2-3:4) ni
  ident (4:2-4:7) shrub

`;

exports[`call:: ... parses single line 1`] = `
call (1:0-1:15)
  ident (1:0-1:6) foobar
  ident (1:9-1:13) spam
  ident (1:15-1:17) ni

`;

exports[`pipe foo: ... pipes 1`] = `
block pipe (1:0-3:4)
  ident (1:5-1:8) foo
  :
  call (2:2-2:8)
    ident (2:2-2:5) bar
    ident (2:8-2:13) shrub

  ident (3:2-3:4) ni
`;
