// Jest Snapshot v1, https://goo.gl/fbAQLP

exports[`js-compat operators parses throw 1`] = `
assign = (1:0-1:37)
  ident (1:0-1:9) throw_foo
  logical or (1:12-1:37)
    ident (1:12-1:15) foo
    js-compat throw (1:19-1:37)
      call (1:25-1:37)
        ident (1:25-1:28) err
        string ' (1:29-1:37)
          'foobar'
`;

exports[`try ...: parses 1`] = `
module (1:0-3:0)
  assign = (1:0-3:0)
    array (1:0-1:13)
      ident (1:1-1:4) err
      ident (1:6-1:12) result
    js-compat try (1:16-3:0):
      js-compat throw (2:2-3:0)
        call (2:8-3:0)
          ident (2:8-2:13) error
          string ' (2:14-2:22)
            'foobar'
`;
