// Jest Snapshot v1, https://goo.gl/fbAQLP

exports[`comments parses doc-comment 1`] = `
module (1:0-8:0)
  --- 
  --- foobar spam ham
  --- 
  assign = (4:0-4:9)
    ident (4:0-4:4) spam
    ident (4:7-4:9) ni
  --- bar
  ident (7:0-7:4) spam
`;

exports[`comments parses line comments 1`] = `
module (1:0-13:0)
  # leading expression
  # multi line
  assign = (3:0-3:9)
    ident (3:0-3:4) spam
    ident (3:7-3:9) ni
  # single line
  assign = (6:0-6:10)
    ident (6:0-6:5) shrub
    ident (6:8-6:10) ni
  assign = (8:0-10:18)
    ident (8:0-8:3) foo
    block fn (8:6-10:18)

      :
      ident (9:2-9:7) shrub
      # trailing func
  ident (12:0-12:2) ni
`;
