// Jest Snapshot v1, https://goo.gl/fbAQLP

exports[`comparison parses != 1`] = `
comp != (1:0-1:6)
  ident (1:0-1:1) a
  ident (1:5-1:6) b
`;

exports[`comparison parses != 2`] = `
comp != (1:0-1:11)
  comp != (1:0-1:6)
    ident (1:0-1:1) a
    ident (1:5-1:6) b
  ident (1:10-1:11) c
`;

exports[`comparison parses != 3`] = `
comp != (1:0-1:10)
  arithm + (1:0-1:5)
    ident (1:0-1:1) a
    ident (1:4-1:5) b
  ident (1:9-1:10) c
`;

exports[`comparison parses < 1`] = `
comp < (1:0-1:5)
  ident (1:0-1:1) a
  ident (1:4-1:5) b
`;

exports[`comparison parses < 2`] = `
comp < (1:0-1:9)
  comp < (1:0-1:5)
    ident (1:0-1:1) a
    ident (1:4-1:5) b
  ident (1:8-1:9) c
`;

exports[`comparison parses < 3`] = `
comp < (1:0-1:9)
  arithm + (1:0-1:5)
    ident (1:0-1:1) a
    ident (1:4-1:5) b
  ident (1:8-1:9) c
`;

exports[`comparison parses < 4`] = `
arithm + (1:0-3:0)
  ident (1:0-1:1) a
  call (1:4-3:0)
    ident (1:4-1:5) b
    jsx:elem (1:6-2:1) c

error:
undefined:3:0
1| a + b <
2| c
3| 
   ^

Expected one of [ '/>' ] but found undefined.



`;

exports[`comparison parses <= 1`] = `
comp <= (1:0-1:6)
  ident (1:0-1:1) a
  ident (1:5-1:6) b
`;

exports[`comparison parses <= 2`] = `
comp <= (1:0-1:11)
  comp <= (1:0-1:6)
    ident (1:0-1:1) a
    ident (1:5-1:6) b
  ident (1:10-1:11) c
`;

exports[`comparison parses <= 3`] = `
comp <= (1:0-1:10)
  arithm + (1:0-1:5)
    ident (1:0-1:1) a
    ident (1:4-1:5) b
  ident (1:9-1:10) c
`;

exports[`comparison parses == 1`] = `
comp == (1:0-1:6)
  ident (1:0-1:1) a
  ident (1:5-1:6) b
`;

exports[`comparison parses == 2`] = `
comp == (1:0-1:10)
  arithm + (1:0-1:5)
    ident (1:0-1:1) a
    ident (1:4-1:5) b
  ident (1:9-1:10) c
`;

exports[`comparison parses == 3`] = `
comp == (1:0-1:11)
  comp == (1:0-1:6)
    ident (1:0-1:1) a
    ident (1:5-1:6) b
  ident (1:10-1:11) c
`;

exports[`comparison parses > 1`] = `
comp > (1:0-1:5)
  ident (1:0-1:1) a
  ident (1:4-1:5) b
`;

exports[`comparison parses > 2`] = `
comp > (1:0-1:9)
  comp > (1:0-1:5)
    ident (1:0-1:1) a
    ident (1:4-1:5) b
  ident (1:8-1:9) c
`;

exports[`comparison parses > 3`] = `
comp > (1:0-1:9)
  arithm + (1:0-1:5)
    ident (1:0-1:1) a
    ident (1:4-1:5) b
  ident (1:8-1:9) c
`;

exports[`comparison parses >= 1`] = `
comp >= (1:0-1:6)
  ident (1:0-1:1) a
  ident (1:5-1:6) b
`;

exports[`comparison parses >= 2`] = `
comp >= (1:0-1:11)
  comp >= (1:0-1:6)
    ident (1:0-1:1) a
    ident (1:5-1:6) b
  ident (1:10-1:11) c
`;

exports[`comparison parses >= 3`] = `
comp >= (1:0-1:10)
  arithm + (1:0-1:5)
    ident (1:0-1:1) a
    ident (1:4-1:5) b
  ident (1:9-1:10) c
`;
