// Jest Snapshot v1, https://goo.gl/fbAQLP

exports[`JSX tokenizer tokenizes expr-attr 1`] = `
"jsx-elem-start (0-1) (1:0-1:1)
  \\"<\\"
ident (1-7) (1:1-1:7)
  \\"Foobar\\"
ignorable (7-8) (1:7-1:8)
  \\" \\"
ident (8-12) (1:8-1:12)
  \\"spam\\"
= (12-13) (1:12-1:13)
jsx-expr-start (13-14) (1:13-1:14)
  \\"{\\"
ident (14-16) (1:14-1:16)
  \\"ni\\"
jsx-expr-end (16-17) (1:16-1:17)
  \\"}\\"
ignorable (17-18) (1:17-1:18)
  \\" \\"
jsx-elem-close (18-20) (1:18-1:20)
  \\"/>\\"
ignorable (20-21) (1:20-2:0)
  \\"\\\\n\\"
end (21-21) (2:0-2:0)
  \\"\\""
`;

exports[`JSX tokenizer tokenizes fragment 1`] = `
"jsx-frag-open (0-2) (1:0-1:2)
  \\"<>\\"
jsx-text (2-15) (1:2-3:2)
  \\"\\\\n  foo bar\\\\n  \\"
jsx-elem-start (15-16) (3:2-3:3)
  \\"<\\"
ident (16-19) (3:3-3:6)
  \\"foo\\"
jsx-elem-end (19-20) (3:6-3:7)
  \\">\\"
jsx-text (20-30) (3:7-4:9)
  \\"\\\\n    spam \\"
jsx-expr-start (30-31) (4:9-4:10)
  \\"{\\"
number (31-32) (4:10-4:11)
  \\"1\\"
ignorable (32-33) (4:11-4:12)
  \\" \\"
+ (33-34) (4:12-4:13)
ignorable (34-35) (4:13-4:14)
  \\" \\"
number (35-36) (4:14-4:15)
  \\"2\\"
jsx-expr-end (36-37) (4:15-4:16)
  \\"}\\"
jsx-text (37-40) (4:16-5:2)
  \\"\\\\n  \\"
jsx-elem-close (40-46) (5:2-5:8)
  \\"</foo>\\"
jsx-text (46-47) (5:8-6:0)
  \\"\\\\n\\"
jsx-elem-close (47-50) (6:0-6:3)
  \\"</>\\"
ignorable (50-51) (6:3-7:0)
  \\"\\\\n\\"
end (51-51) (7:0-7:0)
  \\"\\""
`;

exports[`JSX tokenizer tokenizes jsx 1`] = `
"jsx-elem-start (0-1) (1:0-1:1)
  \\"<\\"
ident (1-4) (1:1-1:4)
  \\"foo\\"
jsx-elem-end (4-5) (1:4-1:5)
  \\">\\"
jsx-expr-start (5-6) (1:5-1:6)
  \\"{\\"
ident (6-7) (1:6-1:7)
  \\"a\\"
ignorable (7-8) (1:7-1:8)
  \\" \\"
> (8-9) (1:8-1:9)
ignorable (9-10) (1:9-1:10)
  \\" \\"
ident (10-11) (1:10-1:11)
  \\"b\\"
, (11-12) (1:11-1:12)
ignorable (12-13) (1:12-1:13)
  \\" \\"
{ (13-14) (1:13-1:14)
ident (14-15) (1:14-1:15)
  \\"a\\"
: (15-16) (1:15-1:16)
ignorable (16-17) (1:16-1:17)
  \\" \\"
number (17-22) (1:17-1:22)
  \\"12345\\"
} (22-23) (1:22-1:23)
, (23-24) (1:23-1:24)
ignorable (24-25) (1:24-1:25)
  \\" \\"
str-start (25-26) (1:25-1:26)
  \\"\\\\\\"\\"
str-text (26-30) (1:26-1:30)
  \\"foo \\"
str-expr-start (30-32) (1:30-1:32)
  \\"\${\\"
ident (32-34) (1:32-1:34)
  \\"ni\\"
str-expr-end (34-35) (1:34-1:35)
  \\"}\\"
str-text (35-39) (1:35-1:39)
  \\" bar\\"
str-end (39-40) (1:39-1:40)
  \\"\\\\\\"\\"
jsx-expr-end (40-41) (1:40-1:41)
  \\"}\\"
jsx-elem-close (41-47) (1:41-1:47)
  \\"</foo>\\"
ignorable (47-48) (1:47-2:0)
  \\"\\\\n\\"
end (48-48) (2:0-2:0)
  \\"\\""
`;

exports[`JSX tokenizer tokenizes jsx 2`] = `
"jsx-frag-open (0-2) (1:0-1:2)
  \\"<>\\"
jsx-text (2-5) (1:2-2:2)
  \\"\\\\n  \\"
jsx-elem-start (5-6) (2:2-2:3)
  \\"<\\"
ident (6-9) (2:3-2:6)
  \\"foo\\"
ignorable (9-10) (2:6-2:7)
  \\" \\"
jsx-elem-close (10-12) (2:7-2:9)
  \\"/>\\"
jsx-text (12-13) (2:9-3:0)
  \\"\\\\n\\"
jsx-elem-close (13-16) (3:0-3:3)
  \\"</>\\"
ignorable (16-17) (3:3-4:0)
  \\"\\\\n\\"
end (17-17) (4:0-4:0)
  \\"\\""
`;

exports[`tokenizer tokenizes 1`] = `
"number (0-8) (1:0-1:8)
  \\"01234567\\"
ignorable (8-9) (1:8-2:0)
  \\"\\\\n\\"
ident (9-12) (2:0-2:3)
  \\"foo\\"
ignorable (12-13) (2:3-2:4)
  \\" \\"
ident (13-16) (2:4-2:7)
  \\"bar\\"
ignorable (16-17) (2:7-3:0)
  \\"\\\\n\\"
( (17-18) (3:0-3:1)
ident (18-23) (3:1-3:6)
  \\"shrub\\"
) (23-24) (3:6-3:7)
ignorable (24-25) (3:7-4:0)
  \\"\\\\n\\"
( (25-26) (4:0-4:1)
ident (26-30) (4:1-4:5)
  \\"spam\\"
ignorable (30-31) (4:5-4:6)
  \\" \\"
ident (31-33) (4:6-4:8)
  \\"ni\\"
, (33-34) (4:8-4:9)
ignorable (34-35) (4:9-4:10)
  \\" \\"
ident (35-37) (4:10-4:12)
  \\"hi\\"
) (37-38) (4:12-4:13)
ignorable (38-39) (4:13-5:0)
  \\"\\\\n\\"
ident (39-40) (5:0-5:1)
  \\"a\\"
ignorable (40-41) (5:1-5:2)
  \\" \\"
+ (41-42) (5:2-5:3)
ignorable (42-43) (5:3-5:4)
  \\" \\"
ident (43-44) (5:4-5:5)
  \\"b\\"
ignorable (44-45) (5:5-5:6)
  \\" \\"
- (45-46) (5:6-5:7)
ignorable (46-47) (5:7-5:8)
  \\" \\"
ident (47-48) (5:8-5:9)
  \\"c\\"
ignorable (48-49) (5:9-5:10)
  \\" \\"
* (49-50) (5:10-5:11)
ignorable (50-51) (5:11-5:12)
  \\" \\"
ident (51-52) (5:12-5:13)
  \\"d\\"
ignorable (52-53) (5:13-5:14)
  \\" \\"
/ (53-54) (5:14-5:15)
ignorable (54-55) (5:15-5:16)
  \\" \\"
ident (55-56) (5:16-5:17)
  \\"f\\"
ignorable (56-57) (5:17-5:18)
  \\" \\"
^ (57-58) (5:18-5:19)
ignorable (58-59) (5:19-5:20)
  \\" \\"
ident (59-60) (5:20-5:21)
  \\"g\\"
ignorable (60-61) (5:21-6:0)
  \\"\\\\n\\"
str-start (61-62) (6:0-6:1)
  \\"\\\\\\"\\"
str-text (62-67) (6:1-6:6)
  \\"shrub\\"
str-end (67-68) (6:6-6:7)
  \\"\\\\\\"\\"
ignorable (68-69) (6:7-7:0)
  \\"\\\\n\\"
str-start (69-70) (7:0-7:1)
  \\"\\\\\\"\\"
str-text (70-73) (7:1-7:4)
  \\"ni \\"
str-expr-start (73-75) (7:4-7:6)
  \\"\${\\"
ident (75-78) (7:6-7:9)
  \\"ham\\"
str-expr-end (78-79) (7:9-7:10)
  \\"}\\"
str-text (79-84) (7:10-7:15)
  \\" spam\\"
str-end (84-85) (7:15-7:16)
  \\"\\\\\\"\\"
ignorable (85-86) (7:16-8:0)
  \\"\\\\n\\"
ident (86-89) (8:0-8:3)
  \\"foo\\"
. (89-90) (8:3-8:4)
ident (90-93) (8:4-8:7)
  \\"bar\\"
ignorable (93-94) (8:7-8:8)
  \\" \\"
... (94-97) (8:8-8:11)
ident (97-99) (8:11-8:13)
  \\"ni\\"
ignorable (99-100) (8:13-9:0)
  \\"\\\\n\\"
end (100-100) (9:0-9:0)
  \\"\\""
`;

exports[`tokenizer tokenizes str exprs 1`] = `
"{ (0-1) (1:0-1:1)
ident (1-4) (1:1-1:4)
  \\"foo\\"
: (4-5) (1:4-1:5)
ignorable (5-6) (1:5-1:6)
  \\" \\"
str-start (6-7) (1:6-1:7)
  \\"\\\\\\"\\"
str-expr-start (7-9) (1:7-1:9)
  \\"\${\\"
ident (9-12) (1:9-1:12)
  \\"ham\\"
str-expr-end (12-13) (1:12-1:13)
  \\"}\\"
str-end (13-14) (1:13-1:14)
  \\"\\\\\\"\\"
} (14-15) (1:14-1:15)
ignorable (15-16) (1:15-2:0)
  \\"\\\\n\\"
end (16-16) (2:0-2:0)
  \\"\\""
`;
