// Jest Snapshot v1, https://goo.gl/fbAQLP

exports[`foo parses 1`] = `
module (1:0-2:10)
  call (1:0-1:16)
    member . (1:0-1:6)
      other (1:0-1:3) foo
      other (1:4-1:6) ni
    arithm + (1:7-1:15)
      other (1:7-1:10) bar
      other (1:11-1:15) spam

  call (2:0-2:6)
    other (2:0-2:3) bar
    other (2:6-2:10) spam

`;
